[www.dymhongkong.com/index.html]
[www.dymhongkong.com/xmlrpc.php]
[backblue.gif]
[fade.gif]
[index.html]
[www.dymhongkong.com/wp-content/themes/dym_hk/style5152.css]
[www.dymhongkong.com/wp-content/themes/dym_hk/css/mobile5152.css]
[www.dymhongkong.com/wp-includes/js/jquery/jquery.js,qver=1.12.4.pagespeed.jm.pPCPAKkkss.js]
[www.dymhongkong.com/wp-content/themes/dym_hk/js/common.js,qver==1.0+jquery.cycle.all.js,qver==1.0+jquery.maximage.min.js,qver==1.0+jquery-scrolltofixed-min.js,qver==1.0.pagespeed.jc.IyfwKWOhds.js]
[www.dymhongkong.com/comments/feed/index.html]
[www.dymhongkong.com/xmlrpc0db0.php]
[www.dymhongkong.com/wp-json/index.html]
[www.dymhongkong.com/wp-includes/wlwmanifest.xml]
[www.dymhongkong.com/feed/index.html]
[www.dymhongkong.com/wp-json/oembed/1.0/embedd643.json]
[www.dymhongkong.com/wp-json/oembed/1.0/embedc4dd]
[www.dymhongkong.com/wp-content/themes/dym_hk/images/arrow_right.gif.pagespeed.ce.Yr4ur0-cri.gif]
[www.google-analytics.com/analytics.js]
[www.dymhongkong.com/en/index.html]
[connect.facebook.net/ja_JP/sdk.js]
[www.dymhongkong.com/wp-content/themes/dym_hk/images/header_logo.png.pagespeed.ce.Hqz9LtM3Iv.png]
[www.dymhongkong.com/wp-content/themes/dym_hk/images/img_header_info_tel.jpg.pagespeed.ce.jczOM4_zKy.jpg]
[www.dymhongkong.com/wp-content/themes/dym_hk/images/sp_icon_header_line.png.pagespeed.ce.dFtUG2r5SL.png]
[www.dymhongkong.com/wp-content/themes/dym_hk/images/sp_icon_header_mail.png.pagespeed.ce.6hFlhK_peN.png]
[www.dymhongkong.com/wp-content/themes/dym_hk/images/sp_icon_header_menu.png.pagespeed.ce.tRe1DaeqVP.png]
[www.dymhongkong.com/reservation/index.html]
[www.dymhongkong.com/about/index.html]
[www.dymhongkong.com/about/greeting/index.html]
[www.dymhongkong.com/wp-content/uploads/2017/05/TOP_image_big_170923_japanese.jpg.pagespeed.ce.2bwH3gt3qo.jpg]
[www.dymhongkong.com/about/history/index.html]
[www.dymhongkong.com/about/image/index.html]
[www.dymhongkong.com/guide/index.html]
[www.dymhongkong.com/guide/insurance/index.html]
[www.dymhongkong.com/wp-content/uploads/2018/03/WSJ_180328.gif.pagespeed.ce.PKUwCuFZWP.gif]
[www.dymhongkong.com/wp-content/themes/dym_hk/images/img_sidebar_information_tel.png.pagespeed.ce.k37v5u0-FK.png]
[www.dymhongkong.com/staffs/workingshift/index.html]
[www.dymhongkong.com/services/index.html]
[www.dymhongkong.com/staffs/index.html]
[www.dymhongkong.com/wp-content/themes/dym_hk/images/btn_sidebar_reserve.png.pagespeed.ce.l8u7IrqxCS.png]
[www.dymhongkong.com/wp-content/themes/dym_hk/images/btn_footer_vaccine.png.pagespeed.ce.4CFRURZD5Q.png]
[www.dymhongkong.com/services/check-up/index.html]
[www.dymhongkong.com/wp-content/uploads/2018/03/infg.jpg.pagespeed.ce.HhDoeOpdEB.jpg]
[www.dymhongkong.com/services/child_health_assesment/index.html]
[www.dymhongkong.com/services/lifestyle-disease/index.html]
[www.dymhongkong.com/vaccination/index.html]
[www.dymhongkong.com/wp-content/themes/dym_hk/images/btn_footer_maternity.png.pagespeed.ce.MB0FZK4iU8.png]
[www.dymhongkong.com/wp-content/uploads/2017/12/hkcsm.jpg.pagespeed.ce.MhGBx4mHxL.jpg]
[www.dymhongkong.com/vaccination/influenza/index.html]
[www.dymhongkong.com/access/index.html]
[www.dymhongkong.com/wp-content/themes/dym_hk/images/btn_pagetop.png.pagespeed.ce.ac2ofhgcSw.png]
[www.dymhongkong.com/wp-content/themes/dym_hk/images/health-care_3_0.png.pagespeed.ce.5hFjaxINcd.png]
[www.dymhongkong.com/2018/04/【注意喚起】沖縄県、台湾へのご旅行、ご出張を/index.html]
[www.dymhongkong.com/wp-content/themes/dym_hk/images/img_footer_infomation_tel.jpg.pagespeed.ce.4b9s-ktig7.jpg]
[www.dymhongkong.com/2018/04/【ご案内】電話の不通に関しまして（2018年4月14日（/index.html]
[www.dymhongkong.com/wp-content/themes/dym_hk/images/img_footer_infomation_line.jpg.pagespeed.ce.eEHY2S6iSW.jpg]
[www.dymhongkong.com/wp-content/themes/dym_hk/images/btn_footer_reserve.png.pagespeed.ce.SQGpopT2hG.png]
[www.dymhongkong.com/wp-includes/js/imagesloaded.min.js,qver==3.2.0+masonry.min.js,qver==3.3.2+jquery,_jquery.masonry.min.js,qver==3.1.2b+wp-embed.min.js,qver==4.9.1.pagespeed.jc.8HwkEOceyO.js]
[www.dymhongkong.com/index.html]
[www.dymhongkong.com/xmlrpc.php]
[www.dymhongkong.com/2018/03/【診療時間】土曜日午後の診療を開始/index.html]
[www.dymhongkong.com/2018/03/【シフト】4月の医師のシフト表を公開/index.html]
[www.dymhongkong.com/2018/03/【マタニティクラス】2018年5月開講のご案内/index.html]
[www.dymhongkong.com/wp-content/themes/dym_hk/images/icon_arrow_right.png]
[www.dymhongkong.com/2018/03/【シフト】3月の医師のシフト表を公開/index.html]
[www.dymhongkong.com/2018/02/【ワクチン】子宮頸がんワクチン入荷のお知らせ/index.html]
[www.dymhongkong.com/wp-content/themes/dym_hk/images/icon_arrow_right_white.png]
[www.dymhongkong.com/services/maternity/index.html]
[www.dymhongkong.com/subsidy/index.html]
[www.dymhongkong.com/wp-content/themes/dym_hk/images/bg_navi_line.gif]
[www.dymhongkong.com/vaccination/influenza/situation/index.html]
[www.dymhongkong.com/sitemap/index.html]
[www.dymhongkong.com/wp-content/themes/dym_hk/images/bg_navi_circle_half.png]
[www.dymhongkong.com/wp-content/themes/dym_hk/images/bg_navi_circle_half_hover.png]
[www.dymhongkong.com/vaccination/hepatitis-a/index.html]
[www.dymhongkong.com/wp-content/themes/dym_hk/images/bg_navi_current.gif]
[www.dymhongkong.com/wp-content/themes/dym_hk/images/bg_sidebar_header.gif]
[www.dymhongkong.com/wp-content/themes/dym_hk/images/icon_clock.png]
[www.dymhongkong.com/wp-content/themes/dym_hk/images/icon_phone.png]
[www.dymhongkong.com/wp-content/themes/dym_hk/images/icon_money.png]
[www.dymhongkong.com/wp-content/themes/dym_hk/images/bg_sidebar_block_green.gif]
[www.dymhongkong.com/wp-content/themes/dym_hk/images/bg_topic_title.png]
[www.dymhongkong.com/wp-content/themes/dym_hk/images/bg_footer_blue.gif]
[www.dymhongkong.com/wp-content/themes/dym_hk/images/bg_sidebar_category_title.png]
[www.dymhongkong.com/wp-content/themes/dym_hk/images/icon_list_header.png]
[www.dymhongkong.com/wp-content/uploads/2018/04/btn_footer_vaccine1.png]
[www.dymhongkong.com/wp-content/themes/dym_hk/style5152.css]
[www.dymhongkong.com/wp-content/themes/dym_hk/images/bg_subtitle_circle.png]
[www.dymhongkong.com/wp-content/themes/dym_hk/images/icon_sp_arrow_under.png]
[www.dymhongkong.com/wp-content/themes/dym_hk/images/icon_sp_arrow_top.png]
[www.dymhongkong.com/wp-content/themes/dym_hk/images/icon_list_header_blue.png]
[www.dymhongkong.com/wp-content/themes/dym_hk/images/icon_sp_phone.png]
[www.dymhongkong.com/wp-content/themes/dym_hk/images/icon_sp_line.png]
[www.dymhongkong.com/wp-content/themes/dym_hk/css/mobile5152.css]
[www.dymhongkong.com/wp-content/themes/dym_hk/A.style.css,qver=1.0.pagespeed.cf._e-OtqjITc.css]
[www.dymhongkong.com/wp-content/themes/dym_hk/css/A.mobile.css,qver=1.0.pagespeed.cf.Autc6gg_j9.css]
[www.dymhongkong.com/wp-json/oembed/1.0/embedb677]
[www.dymhongkong.com/wp-json/oembed/1.0/embed9c5f]
[connect.facebook.net/en_US/sdk.js]
[www.dymhongkong.com/wp-content/themes/dym_hk/images/header_logo_en.jpg.pagespeed.ce.hKPDfcCNu8.jpg]
[www.dymhongkong.com/wp-content/themes/dym_hk/images/img_header_info_tel_en.jpg.pagespeed.ce.3YXx1li1c1.jpg]
[www.dymhongkong.com/en/about/index.html]
[www.dymhongkong.com/en/staffs/index.html]
[www.dymhongkong.com/en/guide/index.html]
[www.dymhongkong.com/wp-content/uploads/2017/05/TOP_image_big_170923,Mce_.lyYY5Vee2m-1.jpg.pagespeed.ce.UgxUa0CDQP.jpg]
[www.dymhongkong.com/en/about/image/index.html]
[www.dymhongkong.com/en/services/index.html]
[www.dymhongkong.com/wp-content/uploads/2018/03/WSE_180328.gif.pagespeed.ce.W9F3C6u1iv.gif]
[www.dymhongkong.com/wp-content/themes/dym_hk/images/img_sidebar_information_en.png.pagespeed.ce.pu4DL8x4Ph.png]
[www.dymhongkong.com/en/services/vaccine/index.html]
[www.dymhongkong.com/wp-content/themes/dym_hk/images/btn_sidebar_reserve_en.png.pagespeed.ce.Ok1HVRPVAX.png]
[www.dymhongkong.com/wp-content/uploads/2017/05/btn_sidebar_02_en.png.pagespeed.ce.5k-UtAfwYW.png]
[www.dymhongkong.com/wp-content/uploads/2017/05/btn_sidebar_03_en.png.pagespeed.ce.zxd5LTF_Fw.png]
[www.dymhongkong.com/en/check-up/index.html]
[www.dymhongkong.com/wp-content/uploads/2017/05/btn_sidebar_04_en.png.pagespeed.ce.ZouMWz72BF.png]
[www.dymhongkong.com/wp-content/themes/dym_hk/images/img_sidebar_card.png.pagespeed.ce.b2evxr93jO.png]
[www.dymhongkong.com/wp-content/themes/dym_hk/images/img_footer_infomation_tel_en.jpg.pagespeed.ce.Rf7BREEPVH.jpg]
[www.dymhongkong.com/wp-content/themes/dym_hk/images/img_footer_infomation_line_en.jpg.pagespeed.ce.yxWk5o-xLw.jpg]
[www.dymhongkong.com/wp-content/themes/dym_hk/images/btn_footer_reserve_en.png.pagespeed.ce.lA-7ITr1ZN.png]
[www.dymhongkong.com/en/index.html]
[www.dymhongkong.com/en/access/index.html]
[www.dymhongkong.com/restserver.php]
[www.dymhongkong.com/en/reservation/index.html]
[connect.facebook.net/ja_JP/sdk.js]
[www.dymhongkong.com/test/en/index.html]
[www.dymhongkong.com/test4/index.html]
[www.dymhongkong.com/test3/index.html]
[www.dymhongkong.com/wp-json/oembed/1.0/embed4976]
[www.dymhongkong.com/en/outline/parent/index.html]
[www.dymhongkong.com/en/sitemap/index.html]
[www.dymhongkong.com/en/inquiry/index.html]
[www.dymhongkong.com/ABCDEFGHIJKLMNOPQRSTUVWXYZabcdefghijklmnopqrstuvwxyz0123456789+/index.html]
[www.dymhongkong.com/wp-json/oembed/1.0/embedf1a4]
[www.dymhongkong.com/^([^_/indexd41d.html]
[www.dymhongkong.com/wp-content/themes/dym_hk/images/img_sidebar_information_line.png.pagespeed.ce.O4U0HHELZq.png]
[www.dymhongkong.com/reservation/index.html]
[www.dymhongkong.com/dialog/index.html]
[www.dymhongkong.com/wp-includes,_js,_imagesloaded.min.js,qver==3.2.0+wp-includes,_js,_masonry.min.js,qver==3.3.2+wp-includes,_js,_jquery,_jquery.masonry.min.js,qver==3.1.2b+wp-content,_plugins,_mw-wp-form,_js]
[www.dymhongkong.com/wp-json/oembed/1.0/embed.533296.delayed]
[www.dymhongkong.com/wp-json/oembed/1.0/embeddf92]
[www.dymhongkong.com/wp-content/uploads/2018/04/btn_footer_vaccine1.png.pagespeed.ce.yamNI0uGBP.png]
[www.dymhongkong.com/wp-content/uploads/2018/04/btn_footer_vaccine1btn.png.pagespeed.ce.1hlcrfggIG.png]
[www.dymhongkong.com/wp-content/uploads/2018/04/btn_footer_vaccine1btn2.png.pagespeed.ce.bebOdSjJcN.png]
[www.dymhongkong.com/about/index.html]
[www.dymhongkong.com/wp-json/oembed/1.0/embed79d6]
[www.dymhongkong.com/wp-json/oembed/1.0/embeddc3c]
[www.dymhongkong.com/vaccination/measles/index.html]
[www.dymhongkong.com/vaccination/hepatitis-b/index.html]
[www.dymhongkong.com/wp-content/uploads/2017/11/aeac8d3686ffb0443fb2fd10baf5d57b.jpg.pagespeed.ce.Il4GiG-BlW.jpg]
[www.dymhongkong.com/wp-content/uploads/2017/11/846d3bda8509b31b3d7ca9acc400fffe.jpg.pagespeed.ce.Ckvq5kI7ko.jpg]
[www.dymhongkong.com/wp-content/uploads/2017/11/8376e5ba6d4fdc9b88ec3f71a4cc567e.jpg.pagespeed.ce.HUJO6YFtgz.jpg]
[www.dymhongkong.com/wp-content/uploads/2017/11/4555d258c4899501e32b9b21c742867c.jpg.pagespeed.ce.mE5pXivDkf.jpg]
[www.dymhongkong.com/wp-content/uploads/2018/03/60fa37be23101c54b7ed159baccb7569.jpg.pagespeed.ce.5zRZgDx6C4.jpg]
[www.dymhongkong.com/wp-content/uploads/2018/03/33fb227a26b13fd554c1ebe62362d2bc.jpg.pagespeed.ce._j9QUXkLhZ.jpg]
[www.dymhongkong.com/wp-content/uploads/2018/03/5c930c84b8ed4b3934e8fea9ad9249b7.jpg.pagespeed.ce.iH1zMXmJly.jpg]
[www.dymhongkong.com/wp-content/uploads/2018/03/8c479da977b88e4d9ed63164cb9939a4.jpg.pagespeed.ce.KufMYXSBxw.jpg]
[www.dymhongkong.com/wp-content/uploads/2017/11/5639f70ca4ae933159c7c46aaa1a250c.jpg.pagespeed.ce.2VAVYiEgOY.jpg]
[www.dymhongkong.com/wp-content/uploads/2017/11/1ef3ddeff6b0d1d2f8bdb1fb58087827.jpg.pagespeed.ce.XHIh-_8q7c.jpg]
[www.dymhongkong.com/about/image/index.html]
[www.dymhongkong.com/wp-json/oembed/1.0/embed.641b92.delayed]
[www.dymhongkong.com/wp-json/oembed/1.0/embed.658755.delayed]
[www.dymhongkong.com/about/history/index.html]
[www.dymhongkong.com/en/about/history/index.html]
[www.dymhongkong.com/wp-json/oembed/1.0/embed.66b0ad.delayed]
[www.dymhongkong.com/wp-json/oembed/1.0/embed81b1]
[www.dymhongkong.com/wp-content/uploads/2017/11/06a5129bf2186378972af79b090c729d.jpg.pagespeed.ce.B1YGWEFgbz.jpg]
[www.dymhongkong.com/about/greeting/index.html]
[www.dymhongkong.com/en/about/greeting/index.html]
[www.dymhongkong.com/wp-json/oembed/1.0/embed3a62]
[www.dymhongkong.com/wp-json/oembed/1.0/embed0970]
[www.dymhongkong.com/guide/index.html]
[www.dymhongkong.com/wp-json/oembed/1.0/embed5be7]
[www.dymhongkong.com/wp-json/oembed/1.0/embedd967]
[www.dymhongkong.com/guide/insurance/index.html]
[www.dymhongkong.com/wp-json/oembed/1.0/embeda4ec]
[www.dymhongkong.com/en/guide/insurance/index.html]
[www.dymhongkong.com/wp-json/oembed/1.0/embed7b15]
[www.dymhongkong.com/wp-content/uploads/2017/11/WhatsApp-Image-2017-11-07-at-09.32.04.jpeg.pagespeed.ce.ZHblkIUpE_.jpg]
[www.dymhongkong.com/wp-content/uploads/2017/10/Dr-Ting-staff-photo-02.jpeg.pagespeed.ce.BHoc4FLfQa.jpg]
[www.dymhongkong.com/wp-content/uploads/2017/10/Kushida-san.jpg.pagespeed.ce.sc6dNIBMvd.jpg]
[www.dymhongkong.com/wp-content/uploads/2018/01/Minori-san_Image.jpg.pagespeed.ce.scKB535S81.jpg]
[www.dymhongkong.com/wp-content/uploads/2017/11/cs2.jpg.pagespeed.ce.u5Y6RYlwNB.jpg]
[www.dymhongkong.com/wp-content/uploads/2017/10/ONISHI.jpg.pagespeed.ce.NeHRuLegzz.jpg]
[www.dymhongkong.com/staffs/index.html]
[www.dymhongkong.com/wp-json/oembed/1.0/embed.75e45c.delayed]
[www.dymhongkong.com/wp-json/oembed/1.0/embed4313]
[www.dymhongkong.com/staffs/workingshift/index.html]
[www.dymhongkong.com/en/staffs/workingshift/index.html]
[www.dymhongkong.com/doctor/index.html]
[www.dymhongkong.com/wp-json/oembed/1.0/embedf339]
[www.dymhongkong.com/wp-json/oembed/1.0/embed9f90]
[www.dymhongkong.com/services/index.html]
[www.dymhongkong.com/wp-json/oembed/1.0/embed4b0e]
[www.dymhongkong.com/wp-json/oembed/1.0/embed854b]
[www.dymhongkong.com/services/check-up/index.html]
[www.dymhongkong.com/wp-json/oembed/1.0/embedc0e8]
[www.dymhongkong.com/en/services/check-up/index.html]
[www.dymhongkong.com/wp-json/oembed/1.0/embed3d36]
[www.dymhongkong.com/wp-content/uploads/2018/01/pixta_5033019_L-1.jpg.pagespeed.ce.KotNsKxnqP.jpg]
[www.dymhongkong.com/services/child_health_assesment/index.html]
[www.dymhongkong.com/en/services/child_health_assesment/index.html]
[www.dymhongkong.com/wp-json/oembed/1.0/embeded95]
[www.dymhongkong.com/wp-json/oembed/1.0/embed2861]
[www.dymhongkong.com/services/lifestyle-disease/index.html]
[www.dymhongkong.com/wp-json/oembed/1.0/embed46c2]
[www.dymhongkong.com/en/services/lifestyle-disease/index.html]
[www.dymhongkong.com/wp-json/oembed/1.0/embedd29d]
[www.dymhongkong.com/vaccination/index.html]
[www.dymhongkong.com/en/vaccination/index.html]
[www.dymhongkong.com/vaccination/hpv/index.html]
[www.dymhongkong.com/wp-json/oembed/1.0/embedc9c9]
[www.dymhongkong.com/wp-json/oembed/1.0/embededa3]
[www.dymhongkong.com/wp-content/uploads/2017/10/20171009_223130.jpg.pagespeed.ce.1NLH5nhOfE.jpg]
[www.dymhongkong.com/2017/11/【補助金】インフルエンザ予防接種に関する政府/index.html]
[www.dymhongkong.com/en/vaccination/influenza/index.html]
[www.dymhongkong.com/wp-content/uploads/2017/10/20171010_222232.jpg.pagespeed.ce.5jdRlTKFvt.jpg]
[www.dymhongkong.com/vaccination/influenza/index.html]
[www.dymhongkong.com/wp-json/oembed/1.0/embed.86f138.delayed]
[www.dymhongkong.com/wp-json/oembed/1.0/embed62dd]
[www.dymhongkong.com/wp-content/uploads/2017/06/1-1-200x150.jpg.pagespeed.ce.v9TbwwXfJ7.jpg]
[www.dymhongkong.com/wp-content/uploads/2017/06/2-200x150.jpg.pagespeed.ce.bgGbtezbps.jpg]
[www.dymhongkong.com/wp-content/uploads/2017/06/3-1-200x150.jpg.pagespeed.ce.Z6u3jzQQuG.jpg]
[www.dymhongkong.com/wp-content/uploads/2017/06/4-1-200x150.jpg.pagespeed.ce.oZ8vvILNPf.jpg]
[www.dymhongkong.com/wp-content/uploads/2017/06/5-1-200x150.jpg.pagespeed.ce.SD2Pv_OGlq.jpg]
[www.dymhongkong.com/wp-content/uploads/2017/06/6-1-200x150.jpg.pagespeed.ce.xzV7mLTmJz.jpg]
[www.dymhongkong.com/access/index.html]
[www.dymhongkong.com/2018/04/【注意喚起】沖縄県、台湾へのご旅行、ご出張を/index.html]
[www.dymhongkong.com/2018/04/【ご案内】電話の不通に関しまして（2018年4月14日（/index.html]
[www.dymhongkong.com/2018/03/【診療時間】土曜日午後の診療を開始/index.html]
[www.dymhongkong.com/2018/03/【シフト】4月の医師のシフト表を公開/index.html]
[www.dymhongkong.com/2018/03/【マタニティクラス】2018年5月開講のご案内/index.html]
[www.dymhongkong.com/2018/03/【シフト】3月の医師のシフト表を公開/index.html]
[www.dymhongkong.com/2018/02/【ワクチン】子宮頸がんワクチン入荷のお知らせ/index.html]
[www.dymhongkong.com/wp-json/oembed/1.0/embed816e]
[www.dymhongkong.com/wp-json/oembed/1.0/embede347]
[www.dymhongkong.com/vaccination/influenza/situation/index.html]
[www.dymhongkong.com/en/vaccination/influenza/situation/index.html]
[www.dymhongkong.com/services/vaccine/influenza/situation/20180220/index.html]
[www.dymhongkong.com/wp-json/oembed/1.0/embed.905eb9.delayed]
[www.dymhongkong.com/services/vaccine/influenza/situation/20180129/index.html]
[www.dymhongkong.com/wp-json/oembed/1.0/embedebb2]
[www.dymhongkong.com/services/maternity/index.html]
[www.dymhongkong.com/en/services/maternity/index.html]
[www.dymhongkong.com/wp-json/oembed/1.0/embed388b]
[www.dymhongkong.com/wp-json/oembed/1.0/embed6d96]
[www.dymhongkong.com/subsidy/index.html]
[www.dymhongkong.com/sitemap/index.html]
[www.dymhongkong.com/en/subsidy/index.html]
[www.dymhongkong.com/wp-json/oembed/1.0/embed94c8]
[www.dymhongkong.com/wp-json/oembed/1.0/embedf590]
[www.dymhongkong.com/vaccination/hepatitis-a/index.html]
[www.dymhongkong.com/wp-content/themes/dym_hk/images/icon_arrow_right_white.html]
[www.dymhongkong.com/wp-content/themes/dym_hk/images/icon_list_header_blue.html]
[www.dymhongkong.com/wp-content/themes/dym_hk/images/icon_arrow_right.png.pagespeed.ce.8ntgY7PryX.png]
[www.dymhongkong.com/en/vaccination/hepatitis-a/index.html]
[www.dymhongkong.com/wp-content/themes/dym_hk/images/bg_navi_line.gif.pagespeed.ce.uIPgOEC_Z1.gif]
[www.dymhongkong.com/wp-content/themes/dym_hk/images/bg_navi_circle_half.png.pagespeed.ce.Fcw04uSX3c.png]
[www.dymhongkong.com/wp-content/themes/dym_hk/images/bg_navi_circle_half_hover.png.pagespeed.ce.pUmp2fkJCL.png]
[www.dymhongkong.com/wp-content/themes/dym_hk/images/bg_navi_current.gif.pagespeed.ce.pD4TarCKoS.gif]
[www.dymhongkong.com/wp-content/themes/dym_hk/images/bg_sidebar_header.gif.pagespeed.ce.jNigdiwukN.gif]
[www.dymhongkong.com/wp-content/themes/dym_hk/images/icon_clock.png.pagespeed.ce.NHpitIgEfl.png]
[www.dymhongkong.com/wp-content/themes/dym_hk/images/icon_phone.png.pagespeed.ce.R8cJKQ6CP6.png]
[www.dymhongkong.com/wp-content/themes/dym_hk/images/icon_money.png.pagespeed.ce.6PSEkclRY2.png]
[www.dymhongkong.com/wp-content/themes/dym_hk/images/bg_sidebar_block_green.gif.pagespeed.ce.T171PYRLis.gif]
[www.dymhongkong.com/wp-content/themes/dym_hk/A.style.css,qver=1.0.pagespeed.cf._e-OtqjITc.css]
[www.dymhongkong.com/wp-content/themes/dym_hk/css/A.mobile.css,qver=1.0.pagespeed.cf.Autc6gg_j9.css]
[www.dymhongkong.com/index47f2.html]
[www.dymhongkong.com/wp-json/oembed/1.0/embedb677.json]
[www.dymhongkong.com/wp-json/oembed/1.0/embed9c5f]
[connect.facebook.net/en_US/sdk.js]
[www.dymhongkong.com/wp-content/themes/dym_hk/images/img_header_info_jpg.pagespeed.ce.zcFkUT93vi.html]
[www.dymhongkong.com/en/ABCDEFGHIJKLMNOPQRSTUVWXYZabcdefghijklmnopqrstuvwxyz0123456789+/index.html]
[www.dymhongkong.com/en/^([^_/indexd41d.html]
[www.dymhongkong.com/wp-json/oembed/1.0/embed.a07fe5.delayed]
[www.dymhongkong.com/en/dialog/index.html]
[www.dymhongkong.com/wp-json/oembed/1.0/embed74e3]
[www.dymhongkong.com/en/about/index.html]
[www.dymhongkong.com/wp-json/oembed/1.0/embed18fd]
[www.dymhongkong.com/wp-json/oembed/1.0/embedd601]
[www.dymhongkong.com/en/about/image/index.html]
[www.dymhongkong.com/wp-json/oembed/1.0/embed76b9]
[www.dymhongkong.com/wp-json/oembed/1.0/embed773a]
[www.dymhongkong.com/en/guide/index.html]
[www.dymhongkong.com/wp-json/oembed/1.0/embed7bd3]
[www.dymhongkong.com/wp-json/oembed/1.0/embedbb44]
[www.dymhongkong.com/en/staffs/index.html]
[www.dymhongkong.com/wp-json/oembed/1.0/embedb3ad]
[www.dymhongkong.com/wp-json/oembed/1.0/embed4f34]
[www.dymhongkong.com/en/services/index.html]
[www.dymhongkong.com/wp-json/oembed/1.0/embed9ea4]
[www.dymhongkong.com/wp-json/oembed/1.0/embed31b9]
[www.dymhongkong.com/en/services/vaccine/index.html]
[www.dymhongkong.com/wp-json/oembed/1.0/embed.acc0d5.delayed]
[www.dymhongkong.com/wp-json/oembed/1.0/embed6103]
[www.dymhongkong.com/en/check-up/index.html]
[www.dymhongkong.com/wp-json/oembed/1.0/embed65e3]
[www.dymhongkong.com/wp-json/oembed/1.0/embedf64f]
[www.dymhongkong.com/en/access/index.html]
[www.dymhongkong.com/wp-json/oembed/1.0/embed1e29]
[www.dymhongkong.com/wp-json/oembed/1.0/embedefab]
[www.dymhongkong.com/en/reservation/index.html]
[www.dymhongkong.com/test/en/index.html]
[www.dymhongkong.com/test3/index.html]
[www.dymhongkong.com/test4/index.html]
[www.dymhongkong.com/en/sitemap/index.html]
[www.dymhongkong.com/wp-json/oembed/1.0/embed421d]
[www.dymhongkong.com/wp-includes,_js,_imagesloaded.min.js,qver==3.2.0+wp-includes,_js,_masonry.min.js,qver==3.3.2+wp-includes,_js,_jquery,_jquery.masonry.min.js,qver==3.1-2.2b+wp-content,_plugins,_mw-wp-form,_js]
[www.dymhongkong.com/wp-json/oembed/1.0/embed8b5f]
[www.dymhongkong.com/wp-content/uploads/2017/04/img_toppage_map.jpg.pagespeed.ce.BhbuVOuBG9.jpg]
[www.dymhongkong.com/wp-content/uploads/2017/04/img_sample01-1-200x238.jpg.pagespeed.ce.5g5QDjU7xS.jpg]
[www.dymhongkong.com/en/outline/parent/index.html]
[www.dymhongkong.com/outline/parent/index.html]
[www.dymhongkong.com/wp-json/oembed/1.0/embedcecb]
[www.dymhongkong.com/wp-json/oembed/1.0/embed33d4]
[www.dymhongkong.com/en/inquiry/index.html]
[www.dymhongkong.com/ABCDEFGHIJKLMNOPQRSTUVWXYZabcdefghijklmnopqrstuvwxyz0123456789+/index.html]
[www.dymhongkong.com/^([^_/indexd41d.html]
[www.dymhongkong.com/restserver.html]
[www.dymhongkong.com/dialog/index.html]
[www.dymhongkong.com/indexe9b4.html]
[www.dymhongkong.com/wp-json/oembed/1.0/embed4976.json]
[www.dymhongkong.com/wp-json/oembed/1.0/embedf1a4]
[ajax.googleapis.com/ajax/libs/jqueryui/1.11.4/themes/smoothness/images/ui-bg_flat_75_ffffff_40x100.png]
[ajax.googleapis.com/ajax/libs/jqueryui/1.11.4/themes/smoothness/images/ui-bg_highlight-soft_75_cccccc_1x100.png]
[www.dymhongkong.com/wp-includes,_js,_imagesloaded.min.js,qver==3.2.0+wp-includes,_js,_masonry.min.js,qver==3.3.2+wp-includes,_js,_jquery,_jquery.masonry.min.js,qver==3.1-3.2b+wp-content,_plugins,_mw-wp-form,_js]
[ajax.googleapis.com/ajax/libs/jqueryui/1.11.4/themes/smoothness/images/ui-bg_glass_75_e6e6e6_1x400.png]
[ajax.googleapis.com/ajax/libs/jqueryui/1.11.4/themes/smoothness/images/ui-bg_glass_75_dadada_1x400.png]
[www.dymhongkong.com/inquiry/index.html]
[ajax.googleapis.com/ajax/libs/jqueryui/1.11.4/themes/smoothness/images/ui-bg_glass_65_ffffff_1x400.png]
[ajax.googleapis.com/ajax/libs/jqueryui/1.11.4/themes/smoothness/images/ui-bg_glass_55_fbf9ee_1x400.png]
[ajax.googleapis.com/ajax/libs/jqueryui/1.11.4/themes/smoothness/images/ui-bg_glass_95_fef1ec_1x400.png]
[ajax.googleapis.com/ajax/libs/jqueryui/1.11.4/themes/smoothness/images/ui-icons_222222_256x240.png]
[ajax.googleapis.com/ajax/libs/jqueryui/1.11.4/themes/smoothness/images/ui-icons_888888_256x240.png]
[ajax.googleapis.com/ajax/libs/jqueryui/1.11.4/themes/smoothness/images/ui-icons_454545_256x240.png]
[ajax.googleapis.com/ajax/libs/jqueryui/1.11.4/themes/smoothness/images/ui-icons_2e83ff_256x240.png]
[ajax.googleapis.com/ajax/libs/jqueryui/1.11.4/themes/smoothness/images/ui-icons_cd0a0a_256x240.png]
[ajax.googleapis.com/ajax/libs/jqueryui/1.11.4/themes/smoothness/images/ui-bg_flat_0_aaaaaa_40x100.png]
[ajax.googleapis.com/ajax/libs/jqueryui/1.11.4/themes/smoothness/jquery-ui.mine899.css]
[www.dymhongkong.com/index728e.html]
[www.dymhongkong.com/wp-json/oembed/1.0/embed3296.json]
[www.dymhongkong.com/wp-json/oembed/1.0/embeddf92]
[www.dymhongkong.com/wp-json/oembed/1.0/embed.c74bd3.delayed]
[www.dymhongkong.com/wp-json/oembed/1.0/embeda0e4]
[www.dymhongkong.com/vaccination/hepatitis-b/index.html]
[www.dymhongkong.com/wp-json/oembed/1.0/embed01be]
[www.dymhongkong.com/en/vaccination/hepatitis-b/index.html]
[www.dymhongkong.com/wp-json/oembed/1.0/embedf361]
[www.dymhongkong.com/vaccination/measles/index.html]
[www.dymhongkong.com/index2132.html]
[www.dymhongkong.com/wp-json/oembed/1.0/embed79d6.json]
[www.dymhongkong.com/wp-json/oembed/1.0/embeddc3c]
[www.dymhongkong.com/indexce40.html]
[www.dymhongkong.com/wp-json/oembed/1.0/embed1b92.json]
[www.dymhongkong.com/wp-json/oembed/1.0/embed8755]
[www.dymhongkong.com/en/about/history/index.html]
[www.dymhongkong.com/index1834.html]
[www.dymhongkong.com/wp-json/oembed/1.0/embedb0ad.json]
[www.dymhongkong.com/wp-json/oembed/1.0/embed81b1]
[www.dymhongkong.com/en/about/greeting/index.html]
[www.dymhongkong.com/index0745.html]
[www.dymhongkong.com/wp-json/oembed/1.0/embed3a62.json]
[www.dymhongkong.com/wp-json/oembed/1.0/embed0970]
[www.dymhongkong.com/indexc921.html]
[www.dymhongkong.com/wp-json/oembed/1.0/embed5be7.json]
[www.dymhongkong.com/wp-json/oembed/1.0/embedd967]
[www.dymhongkong.com/en/guide/insurance/index.html]
[www.dymhongkong.com/index7dad.html]
[www.dymhongkong.com/wp-json/oembed/1.0/embeda4ec.json]
[www.dymhongkong.com/wp-json/oembed/1.0/embed7b15]
[www.dymhongkong.com/index3116.html]
[www.dymhongkong.com/wp-json/oembed/1.0/embede45c.json]
[www.dymhongkong.com/wp-json/oembed/1.0/embed4313]
[www.dymhongkong.com/en/staffs/workingshift/index.html]
[www.dymhongkong.com/wp-json/oembed/1.0/embedb876]
[www.dymhongkong.com/en/vaccination/measles/index.html]
[www.dymhongkong.com/wp-json/oembed/1.0/embed07f7]
[www.dymhongkong.com/doctor/index.html]
[www.dymhongkong.com/index5ff4.html]
[www.dymhongkong.com/wp-json/oembed/1.0/embedf339.json]
[www.dymhongkong.com/wp-json/oembed/1.0/embed9f90]
[www.dymhongkong.com/index9a9b.html]
[www.dymhongkong.com/wp-json/oembed/1.0/embed4b0e.json]
[www.dymhongkong.com/wp-json/oembed/1.0/embed854b]
[www.dymhongkong.com/en/services/check-up/index.html]
[www.dymhongkong.com/index4dbd.html]
[www.dymhongkong.com/wp-json/oembed/1.0/embedc0e8.json]
[www.dymhongkong.com/wp-json/oembed/1.0/embed3d36]
[www.dymhongkong.com/en/services/child_health_assesment/index.html]
[www.dymhongkong.com/index044f.html]
[www.dymhongkong.com/wp-json/oembed/1.0/embeded95.json]
[www.dymhongkong.com/wp-json/oembed/1.0/embed2861]
[www.dymhongkong.com/wp-json/oembed/1.0/embed8973]
[www.dymhongkong.com/en/doctor/index.html]
[www.dymhongkong.com/wp-json/oembed/1.0/embeda631]
[www.dymhongkong.com/en/services/lifestyle-disease/index.html]
[www.dymhongkong.com/index4c50.html]
[www.dymhongkong.com/wp-json/oembed/1.0/embed46c2.json]
[www.dymhongkong.com/wp-json/oembed/1.0/embedd29d]
[www.dymhongkong.com/en/vaccination/index.html]
[www.dymhongkong.com/wp-json/oembed/1.0/embed.cff1ae.delayed]
[www.dymhongkong.com/wp-json/oembed/1.0/embed3faf]
[www.dymhongkong.com/vaccination/hpv/index.html]
[www.dymhongkong.com/indexc128.html]
[www.dymhongkong.com/wp-json/oembed/1.0/embedc9c9.json]
[www.dymhongkong.com/wp-json/oembed/1.0/embededa3]
[www.dymhongkong.com/en/vaccination/influenza/index.html]
[www.dymhongkong.com/2017/11/【補助金】インフルエンザ予防接種に関する政府/index.html]
[www.dymhongkong.com/index5757.html]
[www.dymhongkong.com/wp-json/oembed/1.0/embedf138.json]
[www.dymhongkong.com/wp-json/oembed/1.0/embed62dd]
[www.dymhongkong.com/indexb849.html]
[www.dymhongkong.com/wp-json/oembed/1.0/embed816e.json]
[www.dymhongkong.com/wp-json/oembed/1.0/embede347]
[www.dymhongkong.com/en/vaccination/influenza/situation/index.html]
[www.dymhongkong.com/wp-json/oembed/1.0/embedea55]
[www.dymhongkong.com/en/vaccination/hpv/index.html]
[www.dymhongkong.com/wp-json/oembed/1.0/embedd470]
[www.dymhongkong.com/services/vaccine/influenza/situation/20180220/index.html]
[www.dymhongkong.com/wp-json/oembed/1.0/embed86c4]
[www.dymhongkong.com/en/services/vaccine/influenza/situation/20180220/index.html]
[www.dymhongkong.com/wp-json/oembed/1.0/embedd6b8]
[www.dymhongkong.com/services/vaccine/influenza/situation/20180129/index.html]
[www.dymhongkong.com/index4f61.html]
[www.dymhongkong.com/wp-json/oembed/1.0/embed5eb9.json]
[www.dymhongkong.com/wp-json/oembed/1.0/embedebb2]
[www.dymhongkong.com/en/services/maternity/index.html]
[www.dymhongkong.com/index93a0.html]
[www.dymhongkong.com/wp-json/oembed/1.0/embed388b.json]
[www.dymhongkong.com/wp-json/oembed/1.0/embed6d96]
[www.dymhongkong.com/en/subsidy/index.html]
[www.dymhongkong.com/index9544.html]
[www.dymhongkong.com/wp-json/oembed/1.0/embed94c8.json]
[www.dymhongkong.com/wp-json/oembed/1.0/embedf590]
[www.dymhongkong.com/en/vaccination/hepatitis-a/index.html]
[www.dymhongkong.com/en/ABCDEFGHIJKLMNOPQRSTUVWXYZabcdefghijklmnopqrstuvwxyz0123456789+/index.html]
[www.dymhongkong.com/en/^([^_/indexd41d.html]
[www.dymhongkong.com/en/dialog/index.html]
[www.dymhongkong.com/indexea3e.html]
[www.dymhongkong.com/wp-json/oembed/1.0/embed7fe5.json]
[www.dymhongkong.com/wp-json/oembed/1.0/embed74e3]
[www.dymhongkong.com/index6635.html]
[www.dymhongkong.com/wp-json/oembed/1.0/embed18fd.json]
[www.dymhongkong.com/wp-json/oembed/1.0/embedd601]
[www.dymhongkong.com/index86c5.html]
[www.dymhongkong.com/wp-json/oembed/1.0/embed76b9.json]
[www.dymhongkong.com/wp-json/oembed/1.0/embed773a]
[www.dymhongkong.com/indexaa07.html]
[www.dymhongkong.com/wp-json/oembed/1.0/embed7bd3.json]
[www.dymhongkong.com/wp-json/oembed/1.0/embedbb44]
[www.dymhongkong.com/index3ba5.html]
[www.dymhongkong.com/wp-json/oembed/1.0/embedb3ad.json]
[www.dymhongkong.com/wp-json/oembed/1.0/embed4f34]
[www.dymhongkong.com/index2a8d.html]
[www.dymhongkong.com/wp-json/oembed/1.0/embed9ea4.json]
[www.dymhongkong.com/wp-json/oembed/1.0/embed31b9]
[www.dymhongkong.com/services/vaccine/index.html]
[www.dymhongkong.com/services/vaccine/influenza/index.html]
[www.dymhongkong.com/index470a.html]
[www.dymhongkong.com/wp-json/oembed/1.0/embedc0d5.json]
[www.dymhongkong.com/wp-json/oembed/1.0/embed6103]
[www.dymhongkong.com/check-up/index.html]
[www.dymhongkong.com/index0865.html]
[www.dymhongkong.com/wp-json/oembed/1.0/embed65e3.json]
[www.dymhongkong.com/wp-json/oembed/1.0/embedf64f]
[www.dymhongkong.com/index1641.html]
[www.dymhongkong.com/wp-json/oembed/1.0/embed1e29.json]
[www.dymhongkong.com/wp-json/oembed/1.0/embedefab]
[www.dymhongkong.com/index8820.html]
[www.dymhongkong.com/wp-json/oembed/1.0/embed421d.json]
[www.dymhongkong.com/wp-json/oembed/1.0/embed8b5f]
[www.dymhongkong.com/wp-json/oembed/1.0/embed4f05]
[www.dymhongkong.com/en/services/vaccine/influenza/situation/20180129/index.html]
[www.dymhongkong.com/wp-json/oembed/1.0/embedf524]
[www.dymhongkong.com/outline/parent/index.html]
[www.dymhongkong.com/indexbc9e.html]
[www.dymhongkong.com/wp-json/oembed/1.0/embedcecb.json]
[www.dymhongkong.com/wp-json/oembed/1.0/embed33d4]
[www.dymhongkong.com/wp-json/oembed/1.0/embed34ed]
[www.dymhongkong.com/wp-json/oembed/1.0/embed0f4d]
[www.dymhongkong.com/inquiry/index.html]
[www.dymhongkong.com/index4488.html]
[www.dymhongkong.com/wp-json/oembed/1.0/embed4bd3.json]
[www.dymhongkong.com/wp-json/oembed/1.0/embeda0e4]
[www.dymhongkong.com/en/vaccination/hepatitis-b/index.html]
[www.dymhongkong.com/index3c55.html]
[www.dymhongkong.com/wp-json/oembed/1.0/embed01be.json]
[www.dymhongkong.com/wp-json/oembed/1.0/embedf361]
[www.dymhongkong.com/en/vaccination/measles/index.html]
[www.dymhongkong.com/index87e6.html]
[www.dymhongkong.com/wp-json/oembed/1.0/embedb876.json]
[www.dymhongkong.com/wp-json/oembed/1.0/embed07f7]
[www.dymhongkong.com/en/doctor/index.html]
[www.dymhongkong.com/outline/index.html]
[www.dymhongkong.com/index68cd.html]
[www.dymhongkong.com/wp-json/oembed/1.0/embed8973.json]
[www.dymhongkong.com/wp-json/oembed/1.0/embeda631]
[www.dymhongkong.com/index18c0.html]
[www.dymhongkong.com/wp-json/oembed/1.0/embedf1ae.json]
[www.dymhongkong.com/wp-json/oembed/1.0/embed3faf]
[www.dymhongkong.com/en/vaccination/hpv/index.html]
[www.dymhongkong.com/index3fa3.html]
[www.dymhongkong.com/wp-json/oembed/1.0/embedea55.json]
[www.dymhongkong.com/wp-json/oembed/1.0/embedd470]
[www.dymhongkong.com/en/services/vaccine/influenza/situation/20180220/index.html]
[www.dymhongkong.com/indexa4b1.html]
[www.dymhongkong.com/wp-json/oembed/1.0/embed86c4.json]
[www.dymhongkong.com/wp-json/oembed/1.0/embedd6b8]
[www.dymhongkong.com/en/services/vaccine/influenza/situation/20180129/index.html]
[www.dymhongkong.com/index9430.html]
[www.dymhongkong.com/wp-json/oembed/1.0/embed4f05.json]
[www.dymhongkong.com/wp-json/oembed/1.0/embedf524]
[www.dymhongkong.com/doctor/feed/index.html]
[www.dymhongkong.com/wp-json/oembed/1.0/embedccd3]
[www.dymhongkong.com/information/index.html]
[www.dymhongkong.com/cn/about/index.html]
[www.dymhongkong.com/wp-json/oembed/1.0/embed1822]
[www.dymhongkong.com/wp-content/themes/dymclinic/img/parent_organization02nu.png]
[www.dymhongkong.com/outline/index.html]
[www.dymhongkong.com/index735a.html]
[www.dymhongkong.com/wp-json/oembed/1.0/embed34ed.json]
[www.dymhongkong.com/wp-json/oembed/1.0/embed0f4d]
[www.dymhongkong.com/en/outline/index.html]
[www.dymhongkong.com/wp-json/oembed/1.0/embed3101]
[www.dymhongkong.com/wp-json/oembed/1.0/embedf905]
[www.dymhongkong.com/information/index.html]
[www.dymhongkong.com/wp-json/oembed/1.0/embed21dc]
[www.dymhongkong.com/en/information/index.html]
[www.dymhongkong.com/wp-json/oembed/1.0/embed3e09]
[connect.facebook.net/zh_HK/sdk.js]
[www.dymhongkong.com/wp-content/themes/dym_hk/images/header_logo.jpg.pagespeed.ce.hKPDfcCNu8.jpg]
[www.dymhongkong.com/wp-content/themes/dym_hk/images/img_sidebar_practice_time.png.pagespeed.ce.BmAfYcByNb.png]
[www.dymhongkong.com/wp-content/themes/dym_hk/images/btn_footer_reserve_cn.png]
[www.dymhongkong.com/cn/about/index.html]
[www.dymhongkong.com/index153d.html]
[www.dymhongkong.com/cn/index.html]
[www.dymhongkong.com/wp-json/oembed/1.0/embedccd3.json]
[www.dymhongkong.com/cn/staffs/index.html]
[www.dymhongkong.com/wp-json/oembed/1.0/embed1822]
[www.dymhongkong.com/cn/services/index.html]
[www.dymhongkong.com/cn/check-up/index.html]
[www.dymhongkong.com/en/outline/index.html]
[www.dymhongkong.com/wp-content/themes/dymclinic/img/parent_organization02nu.html]
[www.dymhongkong.com/index2dc4.html]
[www.dymhongkong.com/cn/guide/index.html]
[www.dymhongkong.com/wp-json/oembed/1.0/embed3101.json]
[www.dymhongkong.com/wp-json/oembed/1.0/embedf905]
[www.dymhongkong.com/en/information/index.html]
[www.dymhongkong.com/index461a.html]
[www.dymhongkong.com/wp-json/oembed/1.0/embed21dc.json]
[www.dymhongkong.com/wp-json/oembed/1.0/embed3e09]
[connect.facebook.net/zh_HK/sdk.js]
[www.dymhongkong.com/cn/access/index.html]
[www.dymhongkong.com/cn/about/dialog/index.html]
[www.dymhongkong.com/cn/about/^([^_/indexd41d.html]
[www.dymhongkong.com/cn/about/ABCDEFGHIJKLMNOPQRSTUVWXYZabcdefghijklmnopqrstuvwxyz0123456789+/index.html]
[www.dymhongkong.com/wp-json/oembed/1.0/embed.e4127d.delayed]
[www.dymhongkong.com/wp-json/oembed/1.0/embedbeec]
[www.dymhongkong.com/cn/index.html]
[www.dymhongkong.com/wp-content/themes/dym_hk/images/btn_footer_reserve_cn.html]
[www.dymhongkong.com/wp-json/oembed/1.0/embedec80]
[www.dymhongkong.com/wp-json/oembed/1.0/embed0944]
[www.dymhongkong.com/cn/staffs/index.html]
[www.dymhongkong.com/wp-json/oembed/1.0/embed18a4]
[www.dymhongkong.com/wp-json/oembed/1.0/embeda90b]
[www.dymhongkong.com/cn/services/index.html]
[www.dymhongkong.com/wp-json/oembed/1.0/embed7913]
[www.dymhongkong.com/wp-json/oembed/1.0/embedeb49]
[www.dymhongkong.com/cn/check-up/index.html]
[www.dymhongkong.com/wp-json/oembed/1.0/embed1ca7]
[www.dymhongkong.com/wp-json/oembed/1.0/embed34f6]
[www.dymhongkong.com/cn/guide/index.html]
[www.dymhongkong.com/wp-json/oembed/1.0/embed8cb0]
[www.dymhongkong.com/wp-json/oembed/1.0/embed5dcc]
[www.dymhongkong.com/cn/access/index.html]
[www.dymhongkong.com/cn/about/ABCDEFGHIJKLMNOPQRSTUVWXYZabcdefghijklmnopqrstuvwxyz0123456789+/index.html]
[www.dymhongkong.com/cn/about/^([^_/indexd41d.html]
[www.dymhongkong.com/cn/about/dialog/index.html]
[www.dymhongkong.com/index31a3.html]
[www.dymhongkong.com/wp-json/oembed/1.0/embed127d.json]
[www.dymhongkong.com/wp-json/oembed/1.0/embedbeec]
[www.dymhongkong.com/index6374.html]
[www.dymhongkong.com/wp-json/oembed/1.0/embedec80.json]
[www.dymhongkong.com/wp-json/oembed/1.0/embed0944]
[www.dymhongkong.com/index2bd3.html]
[www.dymhongkong.com/wp-json/oembed/1.0/embed18a4.json]
[www.dymhongkong.com/wp-json/oembed/1.0/embeda90b]
[www.dymhongkong.com/index2cbe.html]
[www.dymhongkong.com/wp-json/oembed/1.0/embed7913.json]
[www.dymhongkong.com/wp-json/oembed/1.0/embedeb49]
[www.dymhongkong.com/indexbefb.html]
[www.dymhongkong.com/wp-json/oembed/1.0/embed1ca7.json]
[www.dymhongkong.com/wp-json/oembed/1.0/embed34f6]
[www.dymhongkong.com/index9af7.html]
[www.dymhongkong.com/wp-json/oembed/1.0/embed8cb0.json]
[www.dymhongkong.com/wp-json/oembed/1.0/embed5dcc]
