[wada.dym.cc/index.html]
[backblue.gif]
[fade.gif]
[index.html]
[wada.dym.cc/wp-content/plugins/wysija-newsletters/css/A.validationEngine.jquery.css,qver=2.7.15.pagespeed.cf.jcn-RfgU3K.css]
[wada.dym.cc/wp-content/plugins/contact-form-7/images/ajax-loader.gif.pagespeed.ce.r5YrN3eaRD.gif]
[wada.dym.cc/wp-content/plugins/popup-maker/assets/css/site.min.css,qver=1.6.6.pagespeed.ce.n84co4xbYO.css]
[wada.dym.cc/wp-content/themes/lightning/library/font-awesome/4.7.0/css/A.font-awesome.min.css,qver=4.7.0.pagespeed.cf.jBrWCt-D4j.css]
[wada.dym.cc/wp-content/themes/lightning/design_skin/origin/css/A.style.css,qver=4.0.3.pagespeed.cf.JS_Qa5vubO.css]
[wada.dym.cc/comments/feed/index.html]
[wada.dym.cc/wp-content/themes/wada/A.style.css,qver=4.0.3.pagespeed.cf.oIjbbMj7Bd.css]
[wada.dym.cc/feed/index.html]
[wada.dym.cc/wp-content/themes/wada/css/A.common.css,qver=4.8.3.pagespeed.cf.FLZjpY5BjD.css]
[wada.dym.cc/wp-content/themes/wada/css/A.validationEngine.jquery.css,qver=4.8.3.pagespeed.cf.awhERih3f9.css]
[wada.dym.cc/wp-content/plugins/s2member/s2member-o.php,qws_plugin__s2member_css=1,aqcABC=1,aver=170722-1048618054.pagespeed.ce.qeb8eGjGpW.css]
[wada.dym.cc/wp-includes,_js,_jquery,_jquery-migrate.min.js,qver==1.4.1+wp-content,_themes,_wada,_js,_jquery.validationEngine-ja.js,qver==4.8.3.pagespeed.jc.pWGIw_7GFa.js]
[wada.dym.cc/wp-includes/js/jquery/jquery.js,qver=1.12.4.pagespeed.jm.pPCPAKkkss.js]
[wada.dym.cc/wp-content/themes/wada/js/jquery.validationEngine.js,qver=4.8.3.pagespeed.jm.Y3m7xhmpFT.js]
[wada.dym.cc/wp-content/themes/lightning/js/all_in_header_fixed.min.js,qver=4.0.3.pagespeed.jm.SoFuIsTKt1.js]
[wada.dym.cc/xmlrpc0db0.php]
[wada.dym.cc/wp-json/index.html]
[wada.dym.cc/wp-includes/wlwmanifest.xml]
[wada.dym.cc/wp-content/uploads/2017/10/logo_wada-1-1.png.pagespeed.ce.uHMUtl2jXN.png]
[wada.dym.cc/wp-login.html]
[wada.dym.cc/contentslist/index.html]
[wada.dym.cc/wp-content/themes/wada/img/top_image_1.jpg.pagespeed.ce.mt1x7np11b.jpg]
[wada.dym.cc/代表挨拶/index.html]
[wada.dym.cc/会社概要/index.html]
[wada.dym.cc/wp-content/themes/wada/img/sample-rectangle.jpg.pagespeed.ce.1BHYIhsB_k.jpg]
[wada.dym.cc/toiawase/index.html]
[wada.dym.cc/archives/26/index.html]
[wada.dym.cc/archives/post-all/index.html]
[wada.dym.cc/register/index.html]
[wada.dym.cc/popmake-171.13.delayed]
[wada.dym.cc/popmake-432.14.delayed]
[wada.dym.cc/popmake-347.15.delayed]
[wada.dym.cc/popmake-435.16.delayed]
[wada.dym.cc/popmake-359.17.delayed]
[wada.dym.cc/popmake-438.18.delayed]
[wada.dym.cc/popmake-363.19.delayed]
[wada.dym.cc/popmake-440.1a.delayed]
[wada.dym.cc/wp-content/uploads/2017/11/interview.png.pagespeed.ce.WvLkolldDx.png]
[wada.dym.cc/wp-content/uploads/2017/11/pop-ctc.png.pagespeed.ce.fM4h6wU4dD.png]
[wada.dym.cc/wp-content/uploads/2017/11/anger.png.pagespeed.ce.yvL53ukCER.png]
[www.wada.co.jp/wp-content/uploads/2017/10/795316b92fc766b0181f6fef074f03fa.png]
[wada.dym.cc/pop-ctc/index.html]
[www.wada.co.jp/wp-content/uploads/2017/10/2b530e80c7d0de90885e285c5d798063.png]
[wada.dym.cc/wp-content/uploads/2017/10/795316b92fc766b0181f6fef074f03fa.png.pagespeed.ce.jyssPm3HDU.png]
[wada.dym.cc/wp-content/uploads/2017/10/2b530e80c7d0de90885e285c5d798063.png.pagespeed.ce.zO1IqJl1Z_.png]
[wada.dym.cc/wp-content/plugins/popup-maker/assets/js/site.min.js,qdefer,aver=1.6.6.pagespeed.jm.VUtWiG7j1K.js]
[wada.dym.cc/wp-content,_plugins,_contact-form-7,_includes,_js,_scripts.js,qver==4.9.1+wp-includes,_js,_jquery,_ui,_core.min.js,qver==1.11.4+wp-includes,_js,_jquery,_ui,_position.min.js,qver==1.11.4.pagespeed.jc]
[wada.dym.cc/wp-content,_plugins,_s2member,_s2member-o.php,qws_plugin__s2member_js_w_globals==1,aqcABC==1,aver==170722-1048618054+wp-includes,_js,_wp-embed.min.js,qver==4.8.3.pagespeed.jc.h7HYaLJG_C.js]
[wada.dym.cc/index.html]
[wada.dym.cc/wp-content/plugins/wysija-newsletters/css/A.validationEngine.jquery.css,qver=2.7.15.pagespeed.cf.jcn-RfgU3K.css]
[wada.dym.cc/wp-content/plugins/popup-maker/assets/css/site.min.css,qver=1.6.6.pagespeed.ce.n84co4xbYO.css]
[wada.dym.cc/wp-content/themes/lightning/library/font-awesome/4.7.0/fonts/fontawesome-webfont3e6e.eot]
[wada.dym.cc/wp-content/themes/lightning/library/font-awesome/4.7.0/fonts/fontawesome-webfontd41d.eot]
[wada.dym.cc/wp-content/themes/lightning/library/font-awesome/4.7.0/fonts/fontawesome-webfont3e6e.html]
[wada.dym.cc/wp-content/themes/lightning/library/font-awesome/4.7.0/fonts/fontawesome-webfont3e6e.woff]
[wada.dym.cc/wp-content/themes/lightning/library/font-awesome/4.7.0/css/A.font-awesome.min.css,qver=4.7.0.pagespeed.cf.jBrWCt-D4j.css]
[wada.dym.cc/wp-content/themes/lightning/library/font-awesome/4.7.0/fonts/fontawesome-webfont3e6e.ttf]
[wada.dym.cc/wp-content/themes/lightning/design_skin/origin/fonts/glyphicons-halflings-regular.eot]
[wada.dym.cc/wp-content/themes/lightning/library/font-awesome/4.7.0/fonts/fontawesome-webfont3e6e.svg]
[wada.dym.cc/wp-content/themes/lightning/design_skin/origin/fonts/glyphicons-halflings-regulard41d.eot]
[wada.dym.cc/wp-content/themes/lightning/design_skin/origin/fonts/glyphicons-halflings-regular.html]
[wada.dym.cc/wp-content/themes/lightning/design_skin/origin/fonts/glyphicons-halflings-regular.woff]
[wada.dym.cc/wp-content/themes/lightning/design_skin/origin/fonts/glyphicons-halflings-regular.ttf]
[wada.dym.cc/wp-content/themes/lightning/design_skin/origin/css/A.style.css,qver=4.0.3.pagespeed.cf.JS_Qa5vubO.css]
[wada.dym.cc/wp-content/themes/lightning/design_skin/origin/fonts/glyphicons-halflings-regular.svg]
[wada.dym.cc/wp-content/uploads/2017/09/bg.png.pagespeed.ce.qH72lJLsKc.png]
[wada.dym.cc/wp-content/themes/wada/A.style.css,qver=4.0.3.pagespeed.cf.oIjbbMj7Bd.css]
[wada.dym.cc/wp-content/themes/wada/css/fonts/NotoSerifCJKjp/NotoSerifCJKjp-ExtraLight.otf]
[wada.dym.cc/wp-content/themes/wada/css/fonts/NotoSerifCJKjp/NotoSerifCJKjp-Light.otf]
[wada.dym.cc/wp-content/themes/wada/css/fonts/NotoSerifCJKjp/NotoSerifCJKjp-Regular.otf]
[wada.dym.cc/wp-content/themes/wada/css/fonts/NotoSerifCJKjp/NotoSerifCJKjp-Medium.otf]
[wada.dym.cc/wp-content/themes/wada/css/A.common.css,qver=4.8.3.pagespeed.cf.FLZjpY5BjD.css]
[wada.dym.cc/wp-content/themes/wada/css/A.validationEngine.jquery.css,qver=4.8.3.pagespeed.cf.awhERih3f9.css]
[wada.dym.cc/wp-content/plugins/s2member/s2member-o.php,qws_plugin__s2member_css=1,aqcABC=1,aver=170722-1048618054.pagespeed.ce.qeb8eGjGpW.css]
[wada.dym.cc/wp-content/plugins/wysija-newsletters/css/validationEngine.jquery27a2.css]
[wada.dym.cc/wp-content/plugins/contact-form-7/includes/css/styles5859.css]
[wada.dym.cc/wp-content/plugins/popup-maker/assets/css/site.min7514.css]
[wada.dym.cc/wp-content/themes/lightning/library/font-awesome/4.7.0/css/font-awesome.min1849.css]
[wada.dym.cc/wp-content/themes/lightning/design_skin/origin/css/stylefa0c.css]
[wada.dym.cc/wp-content/themes/wada/stylefa0c.css]
[wada.dym.cc/wp-content/themes/wada/css/common7bcd.css]
[wada.dym.cc/wp-content/themes/wada/css/validationEngine.jquery7bcd.css]
[wada.dym.cc/wp-content/plugins/s2member/s2member-oa631.css]
[wada.dym.cc/wp-includes/js/jquery/jqueryb8ff.js]
[wada.dym.cc/wp-includes/js/jquery/jquery-migrate.min330a.js]
[wada.dym.cc/wp-content/themes/wada/js/jquery.validationEngine-ja7bcd.js]
[wada.dym.cc/wp-content/themes/wada/js/jquery.validationEngine7bcd.js]
[wada.dym.cc/wp-content/themes/lightning/js/all_in_header_fixed.minfa0c.js]
[wada.dym.cc/wp-json/oembed/1.0/embed238c.json]
[wada.dym.cc/index44be.html]
[wada.dym.cc/wp-json/oembed/1.0/embede8b8]
[wada.dym.cc/wp-content/uploads/2017/10/logo_wada-1-1.png]
[wada.dym.cc/wp-content/uploads/2017/10/content_image_1.jpg]
[wada.dym.cc/wp-content/uploads/2017/10/content_image_2.jpg]
[wada.dym.cc/archives/category/monthly/index.html]
[wada.dym.cc/wp-content/uploads/2017/10/content_image_3.jpg]
[wada.dym.cc/archives/category/extra/index.html]
[wada.dym.cc/wp-content/uploads/2017/10/content_image_4.jpg]
[wada.dym.cc/archives/category/shelf/index.html]
[wada.dym.cc/wp-content/themes/wada/css/fonts/NotoSerifCJKjp/NotoSerifCJKjp-SemiBold.otf]
[wada.dym.cc/wp-content/uploads/2017/10/pixta_22658598_M-1-1.jpg]
[wada.dym.cc/archives/category/flow/index.html]
[wada.dym.cc/wp-content/uploads/2017/11/interview.png]
[wada.dym.cc/archives/category/word/index.html]
[wada.dym.cc/wp-content/uploads/2017/11/pop-ctc.png]
[wada.dym.cc/wp-content/uploads/2017/11/anger.png]
[wada.dym.cc/wp-content/uploads/2017/10/795316b92fc766b0181f6fef074f03fa.png]
[wada.dym.cc/wp-content/uploads/2017/10/2b530e80c7d0de90885e285c5d798063.png]
[wada.dym.cc/wp-content/themes/wada/css/fonts/NotoSerifCJKjp/NotoSerifCJKjp-Black.otf]
[wada.dym.cc/wp-content/plugins/contact-form-7/includes/js/scripts5859.js]
[wada.dym.cc/wp-includes/js/jquery/ui/core.mine899.js]
[wada.dym.cc/wp-includes/js/jquery/ui/position.mine899.js]
[wada.dym.cc/wp-content/plugins/popup-maker/assets/js/site.min2d21.js]
[wada.dym.cc/wp-content/plugins/s2member/s2member-ob85c.js]
[wada.dym.cc/contentslist/index.html]
[wada.dym.cc/代表挨拶/index.html]
[wada.dym.cc/会社概要/index.html]
[wada.dym.cc/wp-includes/js/wp-embed.min7bcd.js]
[wada.dym.cc/index0b69.html]
[wada.dym.cc/wp-json/oembed/1.0/embed5c75.json]
[wada.dym.cc/wp-json/oembed/1.0/embed974b]
[wada.dym.cc/wp-content/themes/wada/css/fonts/NotoSerifCJKjp/NotoSerifCJKjp-Bold.otf]
[wada.dym.cc/register/wada.dym.5c.delayed]
[wada.dym.cc/wp-content/uploads/2017/08/nyuukai.png]
[wada.dym.cc/register/index.html]
[wada.dym.cc/toiawase/feed/index.html]
[wada.dym.cc/wp-json/oembed/1.0/embedc4d3.json]
[wada.dym.cc/index905b.html]
[wada.dym.cc/wp-json/oembed/1.0/embeda9c1]
[wada.dym.cc/toiawase/index.html]
[wada.dym.cc/wp-admin/load-scripts0270.php]
[wada.dym.cc/wp-content/themes/wada/img/logo.png]
[wada.dym.cc/wp-admin/load-stylescd6e.css]
[wada.dym.cc/wp-loginc2b6.html]
[wada.dym.cc/wp-content/plugins/s2member/s2member-o.php,qws_plugin__s2member_js_w_globals=1,aqcABC=1,aver=170722-1048618054.pagespeed.jm._m7SckpwED.js]
[wada.dym.cc/wp-login.html]
[wada.dym.cc/wp-json/oembed/1.0/embed3f4f.json]
[wada.dym.cc/archives/26/feed/index.html]
[wada.dym.cc/index88b9.html]
[wada.dym.cc/archives/237/index.html]
[wada.dym.cc/wp-json/oembed/1.0/embed520f]
[wada.dym.cc/archives/26/index.html]
[wada.dym.cc/archives/date/2017/09/index.html]
[wada.dym.cc/archives/post-all/index.html]
[wada.dym.cc/popmake-171.html]
[wada.dym.cc/popmake-432.html]
[wada.dym.cc/popmake-347.html]
[wada.dym.cc/popmake-435.html]
[wada.dym.cc/popmake-359.html]
[wada.dym.cc/popmake-438.html]
[wada.dym.cc/popmake-363.html]
[wada.dym.cc/popmake-440.html]
[wada.dym.cc/archives/243/index.html]
[wada.dym.cc/archives/date/2017/10/index.html]
[wada.dym.cc/archives/333/index.html]
[wada.dym.cc/index40e6.html]
[wada.dym.cc/wp-json/oembed/1.0/embed8f22.json]
[wada.dym.cc/wp-json/oembed/1.0/embedced8]
[wada.dym.cc/pop-ctc/index.html]
[wada.dym.cc/wp-content/themes/lightning/library/font-awesome/4.7.0/fonts/fontawesome-webfont3e6e.html]
[wada.dym.cc/wp-content/themes/lightning/library/font-awesome/4.7.0/fonts/fontawesome-webfont3e6e.svg]
[wada.dym.cc/wp-content/themes/lightning/design_skin/origin/fonts/glyphicons-halflings-regular.html]
[wada.dym.cc/wp-content/themes/lightning/design_skin/origin/fonts/glyphicons-halflings-regular.svg]
[wada.dym.cc/wp-content/plugins/wysija-newsletters/css/validationEngine.jquery27a2.css]
[wada.dym.cc/wp-content/plugins/contact-form-7/images/ajax-loader.gif]
[wada.dym.cc/wp-content/plugins/contact-form-7/includes/css/styles5859.css]
[wada.dym.cc/wp-content/plugins/popup-maker/assets/css/site.min7514.css]
[wada.dym.cc/wp-content/themes/lightning/library/font-awesome/4.7.0/css/font-awesome.min1849.css]
[wada.dym.cc/wp-content/themes/lightning/design_skin/origin/css/stylefa0c.css]
[wada.dym.cc/wp-content/uploads/2017/09/bg.png]
[wada.dym.cc/wp-content/themes/wada/stylefa0c.css]
[wada.dym.cc/wp-content/themes/wada/css/common7bcd.css]
[wada.dym.cc/wp-content/themes/wada/css/validationEngine.jquery7bcd.css]
[wada.dym.cc/wp-content/plugins/s2member/s2member-oa631.css]
[wada.dym.cc/index44be.html]
[wada.dym.cc/wp-content/themes/wada/A.style.css,qver=4.0.3.pagespeed.cf.hOit1Sq6Cw.css]
[wada.dym.cc/wp-content/plugins/s2member/s2member-o.php,qws_plugin__s2member_css=1,aqcABC=1,aver=170722-3882068000.pagespeed.ce.qeb8eGjGpW.css]
[wada.dym.cc/archives/category/monthly/index.html]
[wada.dym.cc/archives/category/extra/index.html]
[wada.dym.cc/wp-content,_plugins,_s2member,_s2member-o.php,qws_plugin__s2member_js_w_globals==1,aqcABC==1,aver==170722-3882068000+wp-includes,_js,_wp-embed.min.js,qver==4.8.3.pagespeed.jc.nvjcJcVCAL.js]
[wada.dym.cc/archives/category/shelf/index.html]
[wada.dym.cc/archives/category/flow/index.html]
[wada.dym.cc/archives/category/monthly/feed/index.html]
[wada.dym.cc/archives/category/word/index.html]
[wada.dym.cc/wp-content/plugins/s2member/s2member-ob85c.js]
[wada.dym.cc/index0b69.html]
[wada.dym.cc/indexa53d.html]
[wada.dym.cc/register/wada.dym.html]
[wada.dym.cc/index905b.html]
[wada.dym.cc/wp-includes/fonts/dashicons.eot]
[wada.dym.cc/wp-admin/images/loading.gif]
[wada.dym.cc/archives/category/extra/feed/index.html]
[wada.dym.cc/wp-admin/images/w-logo-blue7a53.png]
[wada.dym.cc/wp-admin/images/wordpress-logo7d6b.svg]
[wada.dym.cc/wp-admin/load-stylescd6e.css]
[wada.dym.cc/wp-loginc2b6.html]
[wada.dym.cc/wp-content/plugins/s2member/s2member-o.php,qws_plugin__s2member_js_w_globals=1,aqcABC=1,aver=170722-1048618054.pagespeed.jm._m7SckpwED.js]
[wada.dym.cc/archives/237/index.html]
[wada.dym.cc/index88b9.html]
[wada.dym.cc/archives/333/index.html]
[wada.dym.cc/archives/category/shelf/feed/index.html]
[wada.dym.cc/archives/category/flow/feed/index.html]
[wada.dym.cc/wp-json/oembed/1.0/embed541a.json]
[wada.dym.cc/archives/243/feed/index.html]
[wada.dym.cc/register/index50fb.html]
[wada.dym.cc/register/index53d9.html]
[wada.dym.cc/indexfbc5.html]
[wada.dym.cc/wp-json/oembed/1.0/embed11f8]
[wada.dym.cc/wp-content/uploads/2017/09/wada_book.jpg]
[wada.dym.cc/archives/243/index.html]
[wada.dym.cc/archives/date/2017/10/index.html]
[wada.dym.cc/archives/date/2017/09/index.html]
[wada.dym.cc/index40e6.html]
[wada.dym.cc/wp-content/themes/wada/A.style.css,qver=4.0.3.pagespeed.cf.hOit1Sq6Cw.css]
[wada.dym.cc/wp-content/plugins/s2member/s2member-o.php,qws_plugin__s2member_css=1,aqcABC=1,aver=170722-3882068000.pagespeed.ce.qeb8eGjGpW.css]
[wada.dym.cc/wp-admin/images/wordpress-logo7d6b.svg]
[wada.dym.cc/wp-content/uploads/2017/08/nyuukai.png.pagespeed.ce.LbB-y2Y7H6.png]
[wada.dym.cc/register/index50fb.html]
[wada.dym.cc/register/index53d9.html]
[wada.dym.cc/indexfbc5.html]
